emulator=/Users/yuseob/Library/Android/sdk/emulator/emulator
pid=93485
List of devices attached

List of devices attached
emulator-5554	offline

List of devices attached
emulator-5554	offline

List of devices attached
emulator-5554	offline

List of devices attached
emulator-5554	device

boot_completed=
List of devices attached
emulator-5554	device

boot_completed=
List of devices attached
emulator-5554	device

boot_completed=
List of devices attached
emulator-5554	device

boot_completed=
List of devices attached
emulator-5554	device

boot_completed=1
