$ push qa auth prefs
.omo/click-qa-20260708/bankramen_auth.xml: 1 file pushed, 0 skipped. 0.0 MB/s (325 bytes in 0.006s)
$ install prefs with run-as
$ restart app into home
Starting: Intent { cmp=com.uson.myapplication/.MainActivity }
$ capture home layout
Layout tree written to /Users/yuseob/Documents/android-project/bankramen-android/.omo/click-qa-20260708/24-home-seeded-layout.json
$ logcat app errors recent
3932:07-08 10:03:33.403 E/SettingsToPropertiesMapper(  646): java.io.IOException: No such file or directory
3950:07-08 10:03:33.403 E/SettingsToPropertiesMapper(  646): java.io.IOException: No such file or directory
3968:07-08 10:03:33.403 E/SettingsToPropertiesMapper(  646): java.io.IOException: No such file or directory
4057:07-08 10:03:33.479 E/SettingsToPropertiesMapper(  646): java.io.IOException: No such file or directory
4075:07-08 10:03:33.480 E/SettingsToPropertiesMapper(  646): java.io.IOException: No such file or directory
4147:07-08 10:03:33.498 D/TaskFragmentComponent( 1045): java.lang.Exception
4414:07-08 10:03:33.578 E/SettingsToPropertiesMapper(  646): java.io.IOException: No such file or directory
4432:07-08 10:03:33.578 E/SettingsToPropertiesMapper(  646): java.io.IOException: No such file or directory
4450:07-08 10:03:33.578 E/SettingsToPropertiesMapper(  646): java.io.IOException: No such file or directory
4468:07-08 10:03:33.578 E/SettingsToPropertiesMapper(  646): java.io.IOException: No such file or directory
4505:07-08 10:03:33.598 E/SettingsToPropertiesMapper(  646): java.io.IOException: No such file or directory
4523:07-08 10:03:33.598 E/SettingsToPropertiesMapper(  646): java.io.IOException: No such file or directory
4541:07-08 10:03:33.598 E/SettingsToPropertiesMapper(  646): java.io.IOException: No such file or directory
4559:07-08 10:03:33.598 E/SettingsToPropertiesMapper(  646): java.io.IOException: No such file or directory
4740:07-08 10:03:39.543 I/NullBinder( 1219): NullBinder for android.net.action.RECOMMEND_NETWORKS triggering remote TransactionTooLargeException due to Service without Chimera impl, calling uid: 1000, calling pid: 0
4923:07-08 10:03:58.647 I/ImeTracker( 5050): com.uson.myapplication:de7f47ba: onRequestHide at ORIGIN_CLIENT reason HIDE_SOFT_INPUT_REQUEST_HIDE_WITH_CONTROL fromUser true userId 0 displayId 0
4927:07-08 10:03:58.647 D/CoreBackPreview(  646): Window{cce126b u0 com.uson.myapplication/com.uson.myapplication.core.auth.KakaoWebViewActivity}: Setting back callback OnBackInvokedCallbackInfo{mCallback=android.window.IOnBackInvokedCallback$Stub$Proxy@82f759c, mPriority=0, mIsAnimationCallback=true, mOverrideBehavior=0}
4949:07-08 10:03:58.852 D/ImeBackCallbackSender( 4830): Unregister OnBackInvokedCallback at app window (packageName=com.uson.myapplication)
4950:07-08 10:03:58.852 I/ImeTracker( 4830): com.uson.myapplication:de7f47ba: onHidden
4978:07-08 10:03:59.846 I/ImeTracker( 5050): com.uson.myapplication:1c19ff2d: onRequestShow at ORIGIN_CLIENT reason SHOW_SOFT_INPUT fromUser false userId 0 displayId 0
4982:07-08 10:03:59.846 I/GoogleInputMethodService( 4830): GoogleInputMethodService.onStartInput():1459 onStartInput(EditorInfo{EditorInfo{packageName=com.uson.myapplication, inputType=20c0a1, inputTypeString=WebEditText[CapSentences|AutoCorrect], enableLearning=true, autoCorrection=true, autoComplete=true, imeOptions=12000005, privateImeOptions=null, actionName=NEXT, actionLabel=null, initialSelStart=0, initialSelEnd=0, initialCapsMode=0, label=null, fieldId=-1, fieldName=null, extras=null, hintText=null, hintLocales=[]}}, true)
4986:07-08 10:03:59.847 W/PackageConfigPersister(  646): App-specific configuration not found for packageName: com.uson.myapplication and userId: 0
4987:07-08 10:03:59.848 I/GoogleInputMethodService( 4830): GoogleInputMethodService.onStartInputView():1545 onStartInputView(EditorInfo{EditorInfo{packageName=com.uson.myapplication, inputType=20c0a1, inputTypeString=WebEditText[CapSentences|AutoCorrect], enableLearning=true, autoCorrection=true, autoComplete=true, imeOptions=12000005, privateImeOptions=null, actionName=NEXT, actionLabel=null, initialSelStart=0, initialSelEnd=0, initialCapsMode=0, label=null, fieldId=-1, fieldName=null, extras=null, hintText=null, hintLocales=[]}}, false)
4995:07-08 10:03:59.849 I/AbstractIme( 4830): AbstractIme.onActivate():94 LatinIme.onActivate() : EditorInfo = EditorInfo{packageName=com.uson.myapplication, inputType=20c0a1, inputTypeString=WebEditText[CapSentences|AutoCorrect], enableLearning=true, autoCorrection=true, autoComplete=true, imeOptions=12000005, privateImeOptions=null, actionName=NEXT, actionLabel=null, initialSelStart=0, initialSelEnd=0, initialCapsMode=0, label=null, fieldId=-1, fieldName=null, extras=null, hintText=null, hintLocales=[]}, IncognitoMode = false, DeviceLocked = false
5042:07-08 10:03:59.852 D/ImeBackCallbackSender( 4830): Register OnBackInvokedCallback with priority=-1 at app window (packageName=com.uson.myapplication)
5045:07-08 10:03:59.853 D/CoreBackPreview(  646): Window{cce126b u0 com.uson.myapplication/com.uson.myapplication.core.auth.KakaoWebViewActivity}: Setting back callback OnBackInvokedCallbackInfo{mCallback=android.window.IOnBackInvokedCallback$Stub$Proxy@e9c8bff, mPriority=0, mIsAnimationCallback=true, mOverrideBehavior=0}
5071:07-08 10:04:00.101 I/ImeTracker( 5050): com.uson.myapplication:1c19ff2d: onShown
5096:07-08 10:04:03.613 I/NullBinder( 1219): NullBinder for android.net.action.RECOMMEND_NETWORKS triggering remote TransactionTooLargeException due to Service without Chimera impl, calling uid: 1000, calling pid: 0
5141:07-08 10:04:04.427 D/AndroidRuntime( 5733): >>>>>> START com.android.internal.os.RuntimeInit uid 2000 <<<<<<
5142:07-08 10:04:04.429 I/AndroidRuntime( 5733): Using default boot image
5143:07-08 10:04:04.429 I/AndroidRuntime( 5733): Leaving lock profiling enabled
5156:07-08 10:04:04.465 D/AndroidRuntime( 5733): Calling main entry com.android.commands.uiautomator.Launcher
5215:07-08 10:04:04.468 E/FeatureFlagsImplExport( 5733): android.os.flagging.AconfigStorageReadException: ERROR_PACKAGE_NOT_FOUND: package android.xr cannot be found on the device
5353:07-08 10:04:05.498 D/AndroidRuntime( 5733): Shutting down VM
5398:07-08 10:04:07.012 I/ImeTracker( 5050): com.uson.myapplication:f9b9a0d3: onRequestHide at ORIGIN_CLIENT reason HIDE_SOFT_INPUT_REQUEST_HIDE_WITH_CONTROL fromUser true userId 0 displayId 0
5402:07-08 10:04:07.013 D/CoreBackPreview(  646): Window{cce126b u0 com.uson.myapplication/com.uson.myapplication.core.auth.KakaoWebViewActivity}: Setting back callback OnBackInvokedCallbackInfo{mCallback=android.window.IOnBackInvokedCallback$Stub$Proxy@e183ac4, mPriority=0, mIsAnimationCallback=true, mOverrideBehavior=0}
5425:07-08 10:04:07.236 D/ImeBackCallbackSender( 4830): Unregister OnBackInvokedCallback at app window (packageName=com.uson.myapplication)
5426:07-08 10:04:07.236 I/ImeTracker( 4830): com.uson.myapplication:f9b9a0d3: onHidden
5458:07-08 10:04:09.188 I/ImeTracker( 5050): com.uson.myapplication:9c40ee3f: onRequestShow at ORIGIN_CLIENT reason SHOW_SOFT_INPUT fromUser false userId 0 displayId 0
5462:07-08 10:04:09.190 I/GoogleInputMethodService( 4830): GoogleInputMethodService.onStartInputView():1545 onStartInputView(EditorInfo{EditorInfo{packageName=com.uson.myapplication, inputType=20c0a1, inputTypeString=WebEditText[CapSentences|AutoCorrect], enableLearning=true, autoCorrection=true, autoComplete=true, imeOptions=12000005, privateImeOptions=null, actionName=NEXT, actionLabel=null, initialSelStart=0, initialSelEnd=0, initialCapsMode=0, label=null, fieldId=-1, fieldName=null, extras=null, hintText=null, hintLocales=[]}}, false)
5465:07-08 10:04:09.191 I/ImeTracker(  646): com.uson.myapplication:916526bf: onRequestShow at ORIGIN_SERVER reason ATTACH_NEW_INPUT fromUser false userId 0 displayId 0
5472:07-08 10:04:09.191 I/AbstractIme( 4830): AbstractIme.onActivate():94 LatinIme.onActivate() : EditorInfo = EditorInfo{packageName=com.uson.myapplication, inputType=20c0a1, inputTypeString=WebEditText[CapSentences|AutoCorrect], enableLearning=true, autoCorrection=true, autoComplete=true, imeOptions=12000005, privateImeOptions=null, actionName=NEXT, actionLabel=null, initialSelStart=0, initialSelEnd=0, initialCapsMode=0, label=null, fieldId=-1, fieldName=null, extras=null, hintText=null, hintLocales=[]}, IncognitoMode = false, DeviceLocked = false
5517:07-08 10:04:09.196 D/ImeBackCallbackSender( 4830): Register OnBackInvokedCallback with priority=-1 at app window (packageName=com.uson.myapplication)
5519:07-08 10:04:09.196 I/GoogleInputMethodService( 4830): GoogleInputMethodService.onStartInput():1459 onStartInput(EditorInfo{EditorInfo{packageName=com.uson.myapplication, inputType=20c0a1, inputTypeString=WebEditText[CapSentences|AutoCorrect], enableLearning=true, autoCorrection=true, autoComplete=true, imeOptions=12000005, privateImeOptions=null, actionName=NEXT, actionLabel=null, initialSelStart=0, initialSelEnd=0, initialCapsMode=0, label=null, fieldId=-1, fieldName=null, extras=null, hintText=null, hintLocales=[]}}, true)
5525:07-08 10:04:09.196 D/CoreBackPreview(  646): Window{cce126b u0 com.uson.myapplication/com.uson.myapplication.core.auth.KakaoWebViewActivity}: Setting back callback OnBackInvokedCallbackInfo{mCallback=android.window.IOnBackInvokedCallback$Stub$Proxy@c60c448, mPriority=0, mIsAnimationCallback=true, mOverrideBehavior=0}
5527:07-08 10:04:09.196 I/GoogleInputMethodService( 4830): GoogleInputMethodService.onStartInputView():1545 onStartInputView(EditorInfo{EditorInfo{packageName=com.uson.myapplication, inputType=20c0a1, inputTypeString=WebEditText[CapSentences|AutoCorrect], enableLearning=true, autoCorrection=true, autoComplete=true, imeOptions=12000005, privateImeOptions=null, actionName=NEXT, actionLabel=null, initialSelStart=0, initialSelEnd=0, initialCapsMode=0, label=null, fieldId=-1, fieldName=null, extras=null, hintText=null, hintLocales=[]}}, true)
5539:07-08 10:04:09.197 W/PackageConfigPersister(  646): App-specific configuration not found for packageName: com.uson.myapplication and userId: 0
5544:07-08 10:04:09.198 I/AbstractIme( 4830): AbstractIme.onActivate():94 LatinIme.onActivate() : EditorInfo = EditorInfo{packageName=com.uson.myapplication, inputType=20c0a1, inputTypeString=WebEditText[CapSentences|AutoCorrect], enableLearning=true, autoCorrection=true, autoComplete=true, imeOptions=12000005, privateImeOptions=null, actionName=NEXT, actionLabel=null, initialSelStart=0, initialSelEnd=0, initialCapsMode=0, label=null, fieldId=-1, fieldName=null, extras=null, hintText=null, hintLocales=[]}, IncognitoMode = false, DeviceLocked = false
5596:07-08 10:04:09.201 D/ImeInsetsSourceProvider(  646): showImePostLayout cancelled, serverVisible: false, frozen: false, mWin is: non-null, isDrawn: false, mGivenInsetsPending: false, imeLayeringTarget: Window{cce126b u0 com.uson.myapplication/com.uson.myapplication.core.auth.KakaoWebViewActivity}, controlTarget: Window{cce126b u0 com.uson.myapplication/com.uson.myapplication.core.auth.KakaoWebViewActivity}
5598:07-08 10:04:09.201 I/ImeTracker(  646): com.uson.myapplication:9c40ee3f: onCancelled at PHASE_SERVER_ABORT_SHOW_IME_POST_LAYOUT
5625:07-08 10:04:09.455 I/ImeTracker( 5050): com.uson.myapplication:916526bf: onShown
5636:07-08 10:04:09.619 I/NullBinder( 1219): NullBinder for android.net.action.RECOMMEND_NETWORKS triggering remote TransactionTooLargeException due to Service without Chimera impl, calling uid: 1000, calling pid: 0
5674:07-08 10:04:13.151 W/GLSUser ( 1219): [AppCertManager] Exception while requesting key: 
5675:07-08 10:04:13.151 W/GLSUser ( 1219): java.util.concurrent.ExecutionException: dbik: Parsing Exception
5690:07-08 10:04:13.151 W/GLSUser ( 1219): Caused by: dbik: Parsing Exception
5711:07-08 10:04:13.562 D/AndroidRuntime( 5781): >>>>>> START com.android.internal.os.RuntimeInit uid 2000 <<<<<<
5712:07-08 10:04:13.564 I/AndroidRuntime( 5781): Using default boot image
5713:07-08 10:04:13.564 I/AndroidRuntime( 5781): Leaving lock profiling enabled
5726:07-08 10:04:13.615 D/AndroidRuntime( 5781): Calling main entry com.android.commands.uiautomator.Launcher
5785:07-08 10:04:13.618 E/FeatureFlagsImplExport( 5781): android.os.flagging.AconfigStorageReadException: ERROR_PACKAGE_NOT_FOUND: package android.xr cannot be found on the device
5937:07-08 10:04:14.639 D/AndroidRuntime( 5781): Shutting down VM
5981:07-08 10:04:16.033 I/ImeTracker( 5050): com.uson.myapplication:76c5867e: onRequestHide at ORIGIN_CLIENT reason HIDE_SOFT_INPUT_REQUEST_HIDE_WITH_CONTROL fromUser true userId 0 displayId 0
5985:07-08 10:04:16.033 D/CoreBackPreview(  646): Window{cce126b u0 com.uson.myapplication/com.uson.myapplication.core.auth.KakaoWebViewActivity}: Setting back callback OnBackInvokedCallbackInfo{mCallback=android.window.IOnBackInvokedCallback$Stub$Proxy@8539d97, mPriority=0, mIsAnimationCallback=true, mOverrideBehavior=0}
6006:07-08 10:04:16.252 D/ImeBackCallbackSender( 4830): Unregister OnBackInvokedCallback at app window (packageName=com.uson.myapplication)
6007:07-08 10:04:16.252 I/ImeTracker( 4830): com.uson.myapplication:76c5867e: onHidden
6048:07-08 10:04:18.099 I/ImeTracker( 5050): com.uson.myapplication:8a2e969b: onRequestShow at ORIGIN_CLIENT reason SHOW_SOFT_INPUT fromUser false userId 0 displayId 0
6052:07-08 10:04:18.100 I/GoogleInputMethodService( 4830): GoogleInputMethodService.onStartInput():1459 onStartInput(EditorInfo{EditorInfo{packageName=com.uson.myapplication, inputType=20c0a1, inputTypeString=WebEditText[CapSentences|AutoCorrect], enableLearning=true, autoCorrection=true, autoComplete=true, imeOptions=12000005, privateImeOptions=null, actionName=NEXT, actionLabel=null, initialSelStart=0, initialSelEnd=0, initialCapsMode=0, label=null, fieldId=-1, fieldName=null, extras=null, hintText=null, hintLocales=[]}}, true)
6059:07-08 10:04:18.102 W/PackageConfigPersister(  646): App-specific configuration not found for packageName: com.uson.myapplication and userId: 0
6060:07-08 10:04:18.104 I/GoogleInputMethodService( 4830): GoogleInputMethodService.onStartInputView():1545 onStartInputView(EditorInfo{EditorInfo{packageName=com.uson.myapplication, inputType=20c0a1, inputTypeString=WebEditText[CapSentences|AutoCorrect], enableLearning=true, autoCorrection=true, autoComplete=true, imeOptions=12000005, privateImeOptions=null, actionName=NEXT, actionLabel=null, initialSelStart=0, initialSelEnd=0, initialCapsMode=0, label=null, fieldId=-1, fieldName=null, extras=null, hintText=null, hintLocales=[]}}, false)
6068:07-08 10:04:18.105 I/AbstractIme( 4830): AbstractIme.onActivate():94 LatinIme.onActivate() : EditorInfo = EditorInfo{packageName=com.uson.myapplication, inputType=20c0a1, inputTypeString=WebEditText[CapSentences|AutoCorrect], enableLearning=true, autoCorrection=true, autoComplete=true, imeOptions=12000005, privateImeOptions=null, actionName=NEXT, actionLabel=null, initialSelStart=0, initialSelEnd=0, initialCapsMode=0, label=null, fieldId=-1, fieldName=null, extras=null, hintText=null, hintLocales=[]}, IncognitoMode = false, DeviceLocked = false
6110:07-08 10:04:18.109 D/ImeBackCallbackSender( 4830): Register OnBackInvokedCallback with priority=-1 at app window (packageName=com.uson.myapplication)
6115:07-08 10:04:18.109 D/CoreBackPreview(  646): Window{cce126b u0 com.uson.myapplication/com.uson.myapplication.core.auth.KakaoWebViewActivity}: Setting back callback OnBackInvokedCallbackInfo{mCallback=android.window.IOnBackInvokedCallback$Stub$Proxy@5732ddd, mPriority=0, mIsAnimationCallback=true, mOverrideBehavior=0}
6138:07-08 10:04:18.368 I/ImeTracker( 5050): com.uson.myapplication:8a2e969b: onShown
6145:07-08 10:04:18.646 I/NullBinder( 1219): NullBinder for android.net.action.RECOMMEND_NETWORKS triggering remote TransactionTooLargeException due to Service without Chimera impl, calling uid: 1000, calling pid: 0
6176:07-08 10:04:22.535 D/AndroidRuntime( 5815): >>>>>> START com.android.internal.os.RuntimeInit uid 2000 <<<<<<
6177:07-08 10:04:22.537 I/AndroidRuntime( 5815): Using default boot image
6178:07-08 10:04:22.537 I/AndroidRuntime( 5815): Leaving lock profiling enabled
6191:07-08 10:04:22.588 D/AndroidRuntime( 5815): Calling main entry com.android.commands.uiautomator.Launcher
6250:07-08 10:04:22.591 E/FeatureFlagsImplExport( 5815): android.os.flagging.AconfigStorageReadException: ERROR_PACKAGE_NOT_FOUND: package android.xr cannot be found on the device
6371:07-08 10:04:23.630 D/AndroidRuntime( 5815): Shutting down VM
6443:07-08 10:04:24.662 I/NullBinder( 1219): NullBinder for android.net.action.RECOMMEND_NETWORKS triggering remote TransactionTooLargeException due to Service without Chimera impl, calling uid: 1000, calling pid: 0
6499:07-08 10:04:30.675 I/NullBinder( 1219): NullBinder for android.net.action.RECOMMEND_NETWORKS triggering remote TransactionTooLargeException due to Service without Chimera impl, calling uid: 1000, calling pid: 0
6764:07-08 10:05:00.209 I/ImeTracker( 5050): com.uson.myapplication:7817c376: onRequestHide at ORIGIN_CLIENT reason HIDE_SOFT_INPUT fromUser false userId 0 displayId 0
6768:07-08 10:05:00.210 D/CoreBackPreview(  646): Window{cce126b u0 com.uson.myapplication/com.uson.myapplication.core.auth.KakaoWebViewActivity}: Setting back callback OnBackInvokedCallbackInfo{mCallback=android.window.IOnBackInvokedCallback$Stub$Proxy@8defc4f, mPriority=0, mIsAnimationCallback=true, mOverrideBehavior=0}
6772:07-08 10:05:00.213 I/GoogleInputMethodService( 4830): GoogleInputMethodService.onStartInput():1459 onStartInput(EditorInfo{EditorInfo{packageName=com.uson.myapplication, inputType=0, inputTypeString=NULL, enableLearning=false, autoCorrection=false, autoComplete=false, imeOptions=12000000, privateImeOptions=null, actionName=UNSPECIFIED, actionLabel=null, initialSelStart=-1, initialSelEnd=-1, initialCapsMode=0, label=null, fieldId=0, fieldName=null, extras=null, hintText=null, hintLocales=[]}}, true)
6779:07-08 10:05:00.215 I/GoogleInputMethodService( 4830): GoogleInputMethodService.onStartInputView():1545 onStartInputView(EditorInfo{EditorInfo{packageName=com.uson.myapplication, inputType=0, inputTypeString=NULL, enableLearning=false, autoCorrection=false, autoComplete=false, imeOptions=12000000, privateImeOptions=null, actionName=UNSPECIFIED, actionLabel=null, initialSelStart=-1, initialSelEnd=-1, initialCapsMode=0, label=null, fieldId=0, fieldName=null, extras=null, hintText=null, hintLocales=[]}}, true)
6780:07-08 10:05:00.215 W/PackageConfigPersister(  646): App-specific configuration not found for packageName: com.uson.myapplication and userId: 0
6799:07-08 10:05:00.224 I/AbstractIme( 4830): AbstractIme.onActivate():94 PasswordIme.onActivate() : EditorInfo = EditorInfo{packageName=com.uson.myapplication, inputType=0, inputTypeString=NULL, enableLearning=false, autoCorrection=false, autoComplete=false, imeOptions=12000000, privateImeOptions=null, actionName=UNSPECIFIED, actionLabel=null, initialSelStart=-1, initialSelEnd=-1, initialCapsMode=0, label=null, fieldId=0, fieldName=null, extras=null, hintText=null, hintLocales=[]}, IncognitoMode = false, DeviceLocked = false
6891:07-08 10:05:00.427 D/ImeBackCallbackSender( 4830): Unregister OnBackInvokedCallback at app window (packageName=com.uson.myapplication)
6892:07-08 10:05:00.427 I/ImeTracker( 4830): com.uson.myapplication:7817c376: onHidden
6947:07-08 10:05:04.866 D/AndroidRuntime( 5852): >>>>>> START com.android.internal.os.RuntimeInit uid 2000 <<<<<<
6948:07-08 10:05:04.868 I/AndroidRuntime( 5852): Using default boot image
6949:07-08 10:05:04.868 I/AndroidRuntime( 5852): Leaving lock profiling enabled
6962:07-08 10:05:04.899 D/AndroidRuntime( 5852): Calling main entry com.android.commands.uiautomator.Launcher
7021:07-08 10:05:04.901 E/FeatureFlagsImplExport( 5852): android.os.flagging.AconfigStorageReadException: ERROR_PACKAGE_NOT_FOUND: package android.xr cannot be found on the device
7153:07-08 10:05:05.920 D/AndroidRuntime( 5852): Shutting down VM
7186:07-08 10:05:07.218 E/LoginViewModel( 5050): java.lang.IllegalStateException: 로그인을 취소했어요
7187:07-08 10:05:07.218 E/LoginViewModel( 5050): 	at com.uson.myapplication.core.auth.AuthRepository.completePendingKakaoLogin-CmtIpJM(AuthRepository.kt:21)
7188:07-08 10:05:07.218 E/LoginViewModel( 5050): 	at com.uson.myapplication.feature.login.LoginViewModel$consumePendingKakaoLogin$2.invokeSuspend(LoginViewModel.kt:53)
7198:07-08 10:05:07.218 E/LoginViewModel( 5050): 	at com.uson.myapplication.feature.login.LoginViewModel.consumePendingKakaoLogin(LoginViewModel.kt:52)
7199:07-08 10:05:07.218 E/LoginViewModel( 5050): 	at com.uson.myapplication.feature.login.LoginRouteKt.LoginRoute$lambda$5$lambda$4$lambda$2(LoginRoute.kt:24)
7200:07-08 10:05:07.218 E/LoginViewModel( 5050): 	at com.uson.myapplication.feature.login.LoginRouteKt.$r8$lambda$YRlpfsfKpVcYUm861kxnXpknGrI(LoginRoute.kt:0)
7201:07-08 10:05:07.218 E/LoginViewModel( 5050): 	at com.uson.myapplication.feature.login.LoginRouteKt$$ExternalSyntheticLambda4.onStateChanged(D8$$SyntheticClass:0)
7227:07-08 10:05:07.223 D/WindowManager(  646): setClientSurface Surface(name=VRI-com.uson.myapplication/com.uson.myapplication.MainActivity#187)/@0xa23731a for b899ce7 com.uson.myapplication/com.uson.myapplication.MainActivity
7233:07-08 10:05:07.242 V/WindowManager(  646):         {m=CLOSE f=FILLS_TASK leash=Surface(name=ActivityRecord{42627949 u0 com.uson.myapplication/.core.auth.KakaoWebViewActivity t711}#139)/@0xaa38310 sb=Rect(0, 0 - 1280, 2856) eb=Rect(0, 0 - 1280, 2856) epz=Point(1280, 2856) d=0 bc=fffafafa activity=ActivityTransitionInfo { component = ComponentInfo{com.uson.myapplication/com.uson.myapplication.core.auth.KakaoWebViewActivity}, taskId = 711, appCompatTransitionInfo = null } opt={t=FROM_STYLE mUserId=0}},
7234:07-08 10:05:07.242 V/WindowManager(  646):         {m=TO_FRONT f=FILLS_TASK leash=Surface(name=ActivityRecord{229226639 u0 com.uson.myapplication/.MainActivity t711}#104)/@0xeda0bd3 sb=Rect(0, 0 - 1280, 2856) eb=Rect(0, 0 - 1280, 2856) epz=Point(1280, 2856) d=0 bc=fffafafa activity=ActivityTransitionInfo { component = ComponentInfo{com.uson.myapplication/com.uson.myapplication.MainActivity}, taskId = 711, appCompatTransitionInfo = null } opt={t=FROM_STYLE mUserId=0}}
7238:07-08 10:05:07.247 V/WindowManagerShell(  902):         {m=CLOSE f=FILLS_TASK leash=Surface(name=ActivityRecord{42627949 u0 com.uson.myapplication/.core.auth.KakaoWebViewActivity t711}#139)/@0x458449b sb=Rect(0, 0 - 1280, 2856) eb=Rect(0, 0 - 1280, 2856) epz=Point(1280, 2856) d=0 bc=fffafafa activity=ActivityTransitionInfo { component = ComponentInfo{com.uson.myapplication/com.uson.myapplication.core.auth.KakaoWebViewActivity}, taskId = 711, appCompatTransitionInfo = null } opt={t=FROM_STYLE mUserId=0}},
7239:07-08 10:05:07.247 V/WindowManagerShell(  902):         {m=TO_FRONT f=FILLS_TASK leash=Surface(name=ActivityRecord{229226639 u0 com.uson.myapplication/.MainActivity t711}#104)/@0x95ea038 sb=Rect(0, 0 - 1280, 2856) eb=Rect(0, 0 - 1280, 2856) epz=Point(1280, 2856) d=0 bc=fffafafa activity=ActivityTransitionInfo { component = ComponentInfo{com.uson.myapplication/com.uson.myapplication.MainActivity}, taskId = 711, appCompatTransitionInfo = null } opt={t=FROM_STYLE mUserId=0}}
7245:07-08 10:05:07.248 V/WindowManagerShell(  902): Transition doesn't have explicit remote, search filters for match for {id=45 t=CLOSE f=0x0 trk=0 r=[0@Point(0, 0)] c=[{m=CLOSE f=FILLS_TASK leash=Surface(name=ActivityRecord{42627949 u0 com.uson.myapplication/.core.auth.KakaoWebViewActivity t711}#139)/@0x458449b sb=Rect(0, 0 - 1280, 2856) eb=Rect(0, 0 - 1280, 2856) epz=Point(1280, 2856) d=0 bc=fffafafa activity=ActivityTransitionInfo { component = ComponentInfo{com.uson.myapplication/com.uson.myapplication.core.auth.KakaoWebViewActivity}, taskId = 711, appCompatTransitionInfo = null } opt={t=FROM_STYLE mUserId=0}},{m=TO_FRONT f=FILLS_TASK leash=Surface(name=ActivityRecord{229226639 u0 com.uson.myapplication/.MainActivity t711}#104)/@0x95ea038 sb=Rect(0, 0 - 1280, 2856) eb=Rect(0, 0 - 1280, 2856) epz=Point(1280, 2856) d=0 bc=fffafafa activity=ActivityTransitionInfo { component = ComponentInfo{com.uson.myapplication/com.uson.myapplication.MainActivity}, taskId = 711, appCompatTransitionInfo = null } opt={t=FROM_STYLE mUserId=0}}]}
7252:07-08 10:05:07.248 V/WindowManagerShell(  902): start default transition animation, info = {id=45 t=CLOSE f=0x0 trk=0 r=[0@Point(0, 0)] c=[{m=CLOSE f=FILLS_TASK leash=Surface(name=ActivityRecord{42627949 u0 com.uson.myapplication/.core.auth.KakaoWebViewActivity t711}#139)/@0x458449b sb=Rect(0, 0 - 1280, 2856) eb=Rect(0, 0 - 1280, 2856) epz=Point(1280, 2856) d=0 bc=fffafafa activity=ActivityTransitionInfo { component = ComponentInfo{com.uson.myapplication/com.uson.myapplication.core.auth.KakaoWebViewActivity}, taskId = 711, appCompatTransitionInfo = null } opt={t=FROM_STYLE mUserId=0}},{m=TO_FRONT f=FILLS_TASK leash=Surface(name=ActivityRecord{229226639 u0 com.uson.myapplication/.MainActivity t711}#104)/@0x95ea038 sb=Rect(0, 0 - 1280, 2856) eb=Rect(0, 0 - 1280, 2856) epz=Point(1280, 2856) d=0 bc=fffafafa activity=ActivityTransitionInfo { component = ComponentInfo{com.uson.myapplication/com.uson.myapplication.MainActivity}, taskId = 711, appCompatTransitionInfo = null } opt={t=FROM_STYLE mUserId=0}}]}
7261:07-08 10:05:07.262 I/ImeTracker(  646): com.uson.myapplication:b4e0d8c: onRequestHide at ORIGIN_SERVER reason HIDE_UNSPECIFIED_WINDOW fromUser false userId 0 displayId 0
7263:07-08 10:05:07.262 I/ImeTracker( 5050): com.uson.myapplication:b4e0d8c: onCancelled at PHASE_CLIENT_ALREADY_HIDDEN
7268:07-08 10:05:07.263 I/GoogleInputMethodService( 4830): GoogleInputMethodService.onStartInput():1459 onStartInput(EditorInfo{EditorInfo{packageName=com.uson.myapplication, inputType=0, inputTypeString=NULL, enableLearning=false, autoCorrection=false, autoComplete=false, imeOptions=0, privateImeOptions=null, actionName=UNSPECIFIED, actionLabel=null, initialSelStart=-1, initialSelEnd=-1, initialCapsMode=0, label=null, fieldId=0, fieldName=null, extras=null, hintText=null, hintLocales=[]}}, false)
7272:07-08 10:05:07.264 W/PackageConfigPersister(  646): App-specific configuration not found for packageName: com.uson.myapplication and userId: 0
7406:07-08 10:05:07.726 D/CoreBackPreview(  646): Window{cce126b u0 com.uson.myapplication/com.uson.myapplication.core.auth.KakaoWebViewActivity}: Setting back callback OnBackInvokedCallbackInfo{mCallback=android.window.IOnBackInvokedCallback$Stub$Proxy@654b72, mPriority=-1, mIsAnimationCallback=false, mOverrideBehavior=0}
7409:07-08 10:05:07.728 D/CoreBackPreview(  646): Window{cce126b u0 com.uson.myapplication/com.uson.myapplication.core.auth.KakaoWebViewActivity}: Setting back callback null
7432:07-08 10:05:13.770 D/AndroidRuntime( 5884): >>>>>> START com.android.internal.os.RuntimeInit uid 2000 <<<<<<
7433:07-08 10:05:13.772 I/AndroidRuntime( 5884): Using default boot image
7434:07-08 10:05:13.772 I/AndroidRuntime( 5884): Leaving lock profiling enabled
7447:07-08 10:05:13.812 D/AndroidRuntime( 5884): Calling main entry com.android.commands.uiautomator.Launcher
7506:07-08 10:05:13.815 E/FeatureFlagsImplExport( 5884): android.os.flagging.AconfigStorageReadException: ERROR_PACKAGE_NOT_FOUND: package android.xr cannot be found on the device
7651:07-08 10:05:14.828 D/AndroidRuntime( 5884): Shutting down VM
7696:07-08 10:05:16.073 V/WindowManagerShell(  902): Transition requested (#46): android.os.BinderProxy@bea4467 TransitionRequestInfo { type = CLOSE, triggerTask = TaskInfo{userId=0 taskId=711 effectiveUid=10230 displayId=0 isRunning=false baseIntent=Intent { flg=0x10000000 cmp=com.uson.myapplication/.MainActivity } baseActivity=null topActivity=null origActivity=null realActivity=ComponentInfo{com.uson.myapplication/com.uson.myapplication.MainActivity} realActivityIsAppLockEnabled=false numActivities=0 lastActiveTime=537585 supportsMultiWindow=true supportsMultiWindowWithoutConstraints=true resizeMode=1 isResizeable=true minWidth=-1 minHeight=-1 defaultMinSize=220 token=WCT{android.os.BinderProxy@f873055} topActivityType=1 pictureInPictureParams=null shouldDockBigOverlays=false launchIntoPipHostTaskId=-1 lastParentTaskIdBeforePip=-1 displayCutoutSafeInsets=Rect(0, 0 - 0, 0) topActivityInfo=null launchCookies=[] positionInParent=Point(0, 0) parentTaskId=-1 isFocused=true isInteractive=true isVisible=true isVisibleRequested=true isTopActivityNoDisplay=false isSleeping=false locusId=null displayAreaFeatureId=1 isTopActivityTransparent=false isActivityStackTransparent=true lastNonFullscreenBounds=null leafTaskBoundsFromOptions= false capturedLink=null capturedLinkTimestamp=0 requestedVisibleTypes=503 topActivityRequestOpenInBrowserEducationTimestamp=0 appCompatTaskInfo=AppCompatTaskInfo { topActivityInSizeCompat=false isLeafTask= true eligibleForLetterboxEducation= false isLetterboxEducationEnabled= false isLetterboxDoubleTapEnabled= false eligibleForUserAspectRatioButton= false topActivityBoundsLetterboxed= false isFromLetterboxDoubleTap= false topActivityLetterboxVerticalPosition= -1 topActivityLetterboxHorizontalPosition= -1 topActivityLetterboxWidth=-1 topActivityLetterboxHeight=-1 topActivityAppBounds=Rect(0, 0 - 0, 0) isUserFullscreenOverrideEnabled=false isSystemFullscreenOverrideEnabled=false hasMinAspectRatioOverride=false topActivityLetterboxBounds=null topNonResizableActivityAspectRatio=-1.0} topActivityMainWindowFrame=null isAppBubble=false}, pipChange = null, remoteTransitionInfo = null, displayChanges = null, requestedLocation = null, userChange = null, windowingLayerChange = null, fullscreenRequestChange = null, flags = 0, debugId = 46 }
7773:07-08 10:05:16.155 V/WindowManager(  646): Sent Transition (#46) createdAt=07-08 10:05:16.073 via request=TransitionRequestInfo { type = CLOSE, triggerTask = TaskInfo{userId=0 taskId=711 effectiveUid=10230 displayId=0 isRunning=false baseIntent=Intent { flg=0x10000000 cmp=com.uson.myapplication/.MainActivity } baseActivity=null topActivity=null origActivity=null realActivity=ComponentInfo{com.uson.myapplication/com.uson.myapplication.MainActivity} realActivityIsAppLockEnabled=false numActivities=0 lastActiveTime=537585 supportsMultiWindow=true supportsMultiWindowWithoutConstraints=true resizeMode=1 isResizeable=true minWidth=-1 minHeight=-1 defaultMinSize=220 token=WCT{RemoteToken{5407e98 Task{519571c #711 type=standard A=10230:com.uson.myapplication}}} topActivityType=1 pictureInPictureParams=null shouldDockBigOverlays=false launchIntoPipHostTaskId=-1 lastParentTaskIdBeforePip=-1 displayCutoutSafeInsets=Rect(0, 0 - 0, 0) topActivityInfo=null launchCookies=[] positionInParent=Point(0, 0) parentTaskId=-1 isFocused=true isInteractive=true isVisible=true isVisibleRequested=true isTopActivityNoDisplay=false isSleeping=false locusId=null displayAreaFeatureId=1 isTopActivityTransparent=false isActivityStackTransparent=true lastNonFullscreenBounds=null leafTaskBoundsFromOptions= false capturedLink=null capturedLinkTimestamp=0 requestedVisibleTypes=503 topActivityRequestOpenInBrowserEducationTimestamp=0 appCompatTaskInfo=AppCompatTaskInfo { topActivityInSizeCompat=false isLeafTask= true eligibleForLetterboxEducation= false isLetterboxEducationEnabled= false isLetterboxDoubleTapEnabled= false eligibleForUserAspectRatioButton= false topActivityBoundsLetterboxed= false isFromLetterboxDoubleTap= false topActivityLetterboxVerticalPosition= -1 topActivityLetterboxHorizontalPosition= -1 topActivityLetterboxWidth=-1 topActivityLetterboxHeight=-1 topActivityAppBounds=Rect(0, 0 - 0, 0) isUserFullscreenOverrideEnabled=false isSystemFullscreenOverrideEnabled=false hasMinAspectRatioOverride=false topActivityLetterboxBounds=null topNonResizableActivityAspectRatio=-1.0} topActivityMainWindowFrame=null isAppBubble=false}, pipChange = null, remoteTransitionInfo = null, displayChanges = null, requestedLocation = null, userChange = null, windowingLayerChange = null, fullscreenRequestChange = null, flags = 0, debugId = 46 }
7777:07-08 10:05:16.156 V/WindowManager(  646):         {WCT{RemoteToken{5407e98 Task{519571c #711 type=standard A=10230:com.uson.myapplication}}} m=CLOSE f=FLAG_CHANGED_INTERACTIVE leash=Surface(name=Task=711#103)/@0x94321fe sb=Rect(0, 0 - 1280, 2856) eb=Rect(0, 0 - 1280, 2856) epz=Point(1280, 2856) d=0 taskParent=-1 winMode=1 userId=0},
7861:07-08 10:05:16.563 D/CoreBackPreview(  646): Window{b899ce7 u0 com.uson.myapplication/com.uson.myapplication.MainActivity}: Setting back callback null
7911:07-08 10:05:23.096 D/AndroidRuntime( 5916): >>>>>> START com.android.internal.os.RuntimeInit uid 2000 <<<<<<
7912:07-08 10:05:23.097 I/AndroidRuntime( 5916): Using default boot image
7913:07-08 10:05:23.097 I/AndroidRuntime( 5916): Leaving lock profiling enabled
7926:07-08 10:05:23.126 D/AndroidRuntime( 5916): Calling main entry com.android.commands.uiautomator.Launcher
7985:07-08 10:05:23.128 E/FeatureFlagsImplExport( 5916): android.os.flagging.AconfigStorageReadException: ERROR_PACKAGE_NOT_FOUND: package android.xr cannot be found on the device
8125:07-08 10:05:24.279 D/AndroidRuntime( 5916): Shutting down VM
8210:07-08 10:05:24.791 D/PickerSyncController( 1614): com.android.providers.media.photopicker.util.exceptions.InvalidProviderSyncParamsException: Unexpected Latest Media Collection Info: ID/Gen/AccountName=null/0/null
8228:07-08 10:05:26.538 D/ActivityManager(  646): freezing 5050 com.uson.myapplication
8343:07-08 10:05:45.863 I/NullBinder( 1219): NullBinder for android.net.action.RECOMMEND_NETWORKS triggering remote TransactionTooLargeException due to Service without Chimera impl, calling uid: 1000, calling pid: 0
8373:07-08 10:05:49.605 D/AndroidRuntime( 5964): >>>>>> START com.android.internal.os.RuntimeInit uid 2000 <<<<<<
8374:07-08 10:05:49.608 I/AndroidRuntime( 5964): Using default boot image
8375:07-08 10:05:49.608 I/AndroidRuntime( 5964): Leaving lock profiling enabled
8388:07-08 10:05:49.650 D/AndroidRuntime( 5964): Calling main entry com.android.commands.uiautomator.Launcher
8447:07-08 10:05:49.653 E/FeatureFlagsImplExport( 5964): android.os.flagging.AconfigStorageReadException: ERROR_PACKAGE_NOT_FOUND: package android.xr cannot be found on the device
8577:07-08 10:05:50.777 D/AndroidRuntime( 5964): Shutting down VM
8665:07-08 10:05:54.888 I/NullBinder( 1219): NullBinder for android.net.action.RECOMMEND_NETWORKS triggering remote TransactionTooLargeException due to Service without Chimera impl, calling uid: 1000, calling pid: 0
8745:07-08 10:06:09.929 I/NullBinder( 1219): NullBinder for android.net.action.RECOMMEND_NETWORKS triggering remote TransactionTooLargeException due to Service without Chimera impl, calling uid: 1000, calling pid: 0
8767:07-08 10:06:12.936 I/NullBinder( 1219): NullBinder for android.net.action.RECOMMEND_NETWORKS triggering remote TransactionTooLargeException due to Service without Chimera impl, calling uid: 1000, calling pid: 0
8831:07-08 10:06:21.955 I/NullBinder( 1219): NullBinder for android.net.action.RECOMMEND_NETWORKS triggering remote TransactionTooLargeException due to Service without Chimera impl, calling uid: 1000, calling pid: 0
8882:07-08 10:06:33.974 I/NullBinder( 1219): NullBinder for android.net.action.RECOMMEND_NETWORKS triggering remote TransactionTooLargeException due to Service without Chimera impl, calling uid: 1000, calling pid: 0
8919:07-08 10:06:36.527 I/adbd    (  491): adbd service requested 'shell,v2,TERM=xterm-ghostty,raw:run-as com.uson.myapplication mkdir -p shared_prefs'
8920:07-08 10:06:36.572 I/adbd    (  491): adbd service requested 'shell,v2,TERM=xterm-ghostty,raw:run-as com.uson.myapplication cp /data/local/tmp/bankramen_auth.xml shared_prefs/bankramen_auth.xml'
8921:07-08 10:06:36.593 I/adbd    (  491): adbd service requested 'shell,v2,TERM=xterm-ghostty,raw:run-as com.uson.myapplication chmod 600 shared_prefs/bankramen_auth.xml'
8924:07-08 10:06:36.614 I/adbd    (  491): adbd service requested 'shell,v2,TERM=xterm-ghostty,raw:am force-stop com.uson.myapplication'
8925:07-08 10:06:36.625 I/ActivityManager(  646): Force stopping com.uson.myapplication appid=10230 user=0: from pid 5994
8927:07-08 10:06:36.656 I/ActivityManager(  646): Killing 5050:com.uson.myapplication/u0a230 (adj 900): stop com.uson.myapplication due to from pid 5994
8931:07-08 10:06:36.664 I/AppsFilter(  646): interaction: PackageSetting{7f9ac31 com.example.daysong/10231} -> PackageSetting{440914 com.uson.myapplication/10230} BLOCKED
8932:07-08 10:06:36.665 I/AppsFilter(  646): interaction: PackageSetting{3db3097 com.example.chatapp/10228} -> PackageSetting{440914 com.uson.myapplication/10230} BLOCKED
8933:07-08 10:06:36.665 I/AppsFilter(  646): interaction: PackageSetting{8ebe284 com.uson.geminitodo/10229} -> PackageSetting{440914 com.uson.myapplication/10230} BLOCKED
8934:07-08 10:06:36.665 I/AppsFilter(  646): interaction: PackageSetting{18bda6d com.example.decisionai/10236} -> PackageSetting{440914 com.uson.myapplication/10230} BLOCKED
8935:07-08 10:06:36.665 I/AppsFilter(  646): interaction: PackageSetting{a983f33 com.uson.androidprojecttemplate/10253} -> PackageSetting{440914 com.uson.myapplication/10230} BLOCKED
8936:07-08 10:06:36.665 I/AppsFilter(  646): interaction: PackageSetting{a86a2f0 com.example.beforemealsignal/10322} -> PackageSetting{440914 com.uson.myapplication/10230} BLOCKED
8937:07-08 10:06:36.665 I/AppsFilter(  646): interaction: PackageSetting{698b069 com.example.newtechlab.appfunctions/10241} -> PackageSetting{440914 com.uson.myapplication/10230} BLOCKED
8938:07-08 10:06:36.672 D/CarrierSvcBindHelper( 1034): onHandleForceStop: [com.uson.myapplication]
8940:07-08 10:06:36.679 I/adbd    (  491): adbd service requested 'shell,v2,TERM=xterm-ghostty,raw:am start -n com.uson.myapplication/.MainActivity'
8945:07-08 10:06:36.699 V/ActivityManager(  646): Got obituary of 5050:com.uson.myapplication
8950:07-08 10:06:36.706 V/ActivityTaskManager(  646): TaskLaunchParamsModifier: phase=3 task=Task{23abb0 #712 type=standard A=10230:com.uson.myapplication} activity=ActivityRecord{190116595 u0 com.uson.myapplication/.MainActivity t-1} display-from-task=0 display-id=0 task-display-area-windowing-mode=1 suggested-display-area=DefaultTaskDisplayArea@150715922 inherit-from-task=fullscreen non-freeform-task-display-area display-area=DefaultTaskDisplayArea@150715922 skip-bounds-fullscreen
8951:07-08 10:06:36.706 I/ActivityTaskManager(  646): START u0 {flg=0x10000000 xflg=0x5 cmp=com.uson.myapplication/.MainActivity} with LAUNCH_SINGLE_TASK from uid 2000 (com.android.shell) (BAL_ALLOW_PERMISSION) result code=0
8952:07-08 10:06:36.707 V/WindowManagerShell(  902): Transition requested (#47): android.os.BinderProxy@7145b5d TransitionRequestInfo { type = OPEN, triggerTask = TaskInfo{userId=0 taskId=712 effectiveUid=10230 displayId=0 isRunning=true baseIntent=Intent { flg=0x10000000 cmp=com.uson.myapplication/.MainActivity } baseActivity=ComponentInfo{com.uson.myapplication/com.uson.myapplication.MainActivity} topActivity=ComponentInfo{com.uson.myapplication/com.uson.myapplication.MainActivity} origActivity=null realActivity=ComponentInfo{com.uson.myapplication/com.uson.myapplication.MainActivity} realActivityIsAppLockEnabled=false numActivities=1 lastActiveTime=627078 supportsMultiWindow=true supportsMultiWindowWithoutConstraints=true resizeMode=1 isResizeable=true minWidth=-1 minHeight=-1 defaultMinSize=220 token=WCT{android.os.BinderProxy@e6f6cd2} topActivityType=1 pictureInPictureParams=null shouldDockBigOverlays=false launchIntoPipHostTaskId=-1 lastParentTaskIdBeforePip=-1 displayCutoutSafeInsets=Rect(0, 156 - 0, 0) topActivityInfo=ActivityInfo{50581a3 com.uson.myapplication.MainActivity} launchCookies=[] positionInParent=Point(0, 0) parentTaskId=-1 isFocused=false isInteractive=false isVisible=false isVisibleRequested=false isTopActivityNoDisplay=false isSleeping=false locusId=null displayAreaFeatureId=1 isTopActivityTransparent=false isActivityStackTransparent=false lastNonFullscreenBounds=null leafTaskBoundsFromOptions= false capturedLink=null capturedLinkTimestamp=0 requestedVisibleTypes=503 topActivityRequestOpenInBrowserEducationTimestamp=0 appCompatTaskInfo=AppCompatTaskInfo { topActivityInSizeCompat=false isLeafTask= true eligibleForLetterboxEducation= false isLetterboxEducationEnabled= true isLetterboxDoubleTapEnabled= false eligibleForUserAspectRatioButton= false topActivityBoundsLetterboxed= false isFromLetterboxDoubleTap= false topActivityLetterboxVerticalPosition= -1 topActivityLetterboxHorizontalPosition= -1 topActivityLetterboxWidth=-1 topActivityLetterboxHeight=-1 topActivityAppBounds=Rect(0, 0 - 1280, 2856) isUserFullscreenOverrideEnabled=false isSystemFullscreenOverrideEnabled=false hasMinAspectRatioOverride=false topActivityLetterboxBounds=null topNonResizableActivityAspectRatio=-1.0} topActivityMainWindowFrame=null isAppBubble=false}, pipChange = null, remoteTransitionInfo = null, displayChanges = null, requestedLocation = null, userChange = null, windowingLayerChange = null, fullscreenRequestChange = null, flags = 0, debugId = 47 }
8970:07-08 10:06:36.728 I/AppsFilter(  646): interaction: PackageSetting{7f9ac31 com.example.daysong/10231} -> PackageSetting{b79cd6b com.uson.myapplication/10230} BLOCKED
8971:07-08 10:06:36.728 I/AppsFilter(  646): interaction: PackageSetting{3db3097 com.example.chatapp/10228} -> PackageSetting{b79cd6b com.uson.myapplication/10230} BLOCKED
8972:07-08 10:06:36.728 I/AppsFilter(  646): interaction: PackageSetting{8ebe284 com.uson.geminitodo/10229} -> PackageSetting{b79cd6b com.uson.myapplication/10230} BLOCKED
8973:07-08 10:06:36.728 I/AppsFilter(  646): interaction: PackageSetting{18bda6d com.example.decisionai/10236} -> PackageSetting{b79cd6b com.uson.myapplication/10230} BLOCKED
8974:07-08 10:06:36.728 I/AppsFilter(  646): interaction: PackageSetting{a983f33 com.uson.androidprojecttemplate/10253} -> PackageSetting{b79cd6b com.uson.myapplication/10230} BLOCKED
8975:07-08 10:06:36.728 I/AppsFilter(  646): interaction: PackageSetting{a86a2f0 com.example.beforemealsignal/10322} -> PackageSetting{b79cd6b com.uson.myapplication/10230} BLOCKED
8976:07-08 10:06:36.728 I/AppsFilter(  646): interaction: PackageSetting{698b069 com.example.newtechlab.appfunctions/10241} -> PackageSetting{b79cd6b com.uson.myapplication/10230} BLOCKED
8978:07-08 10:06:36.731 D/WindowManager(  646): setClientSurface Surface(name=VRI-Splash Screen com.uson.myapplication#207)/@0x219b561 for 823ffe5 Splash Screen com.uson.myapplication
8986:07-08 10:06:36.750 I/ActivityManager(  646): Start proc 6002:com.uson.myapplication/u0a230 for next-top-activity {com.uson.myapplication/com.uson.myapplication.MainActivity}
8989:07-08 10:06:36.761 I/Zygote  ( 6002): Process 6002 created for com.uson.myapplication
8993:07-08 10:06:36.794 V/WindowManager(  646): Sent Transition (#47) createdAt=07-08 10:06:36.694 via request=TransitionRequestInfo { type = OPEN, triggerTask = TaskInfo{userId=0 taskId=712 effectiveUid=10230 displayId=0 isRunning=true baseIntent=Intent { flg=0x10000000 cmp=com.uson.myapplication/.MainActivity } baseActivity=ComponentInfo{com.uson.myapplication/com.uson.myapplication.MainActivity} topActivity=ComponentInfo{com.uson.myapplication/com.uson.myapplication.MainActivity} origActivity=null realActivity=ComponentInfo{com.uson.myapplication/com.uson.myapplication.MainActivity} realActivityIsAppLockEnabled=false numActivities=1 lastActiveTime=627078 supportsMultiWindow=true supportsMultiWindowWithoutConstraints=true resizeMode=1 isResizeable=true minWidth=-1 minHeight=-1 defaultMinSize=220 token=WCT{RemoteToken{ca740bc Task{23abb0 #712 type=standard A=10230:com.uson.myapplication}}} topActivityType=1 pictureInPictureParams=null shouldDockBigOverlays=false launchIntoPipHostTaskId=-1 lastParentTaskIdBeforePip=-1 displayCutoutSafeInsets=Rect(0, 156 - 0, 0) topActivityInfo=ActivityInfo{6580845 com.uson.myapplication.MainActivity} launchCookies=[] positionInParent=Point(0, 0) parentTaskId=-1 isFocused=false isInteractive=false isVisible=false isVisibleRequested=false isTopActivityNoDisplay=false isSleeping=false locusId=null displayAreaFeatureId=1 isTopActivityTransparent=false isActivityStackTransparent=false lastNonFullscreenBounds=null leafTaskBoundsFromOptions= false capturedLink=null capturedLinkTimestamp=0 requestedVisibleTypes=503 topActivityRequestOpenInBrowserEducationTimestamp=0 appCompatTaskInfo=AppCompatTaskInfo { topActivityInSizeCompat=false isLeafTask= true eligibleForLetterboxEducation= false isLetterboxEducationEnabled= true isLetterboxDoubleTapEnabled= false eligibleForUserAspectRatioButton= false topActivityBoundsLetterboxed= false isFromLetterboxDoubleTap= false topActivityLetterboxVerticalPosition= -1 topActivityLetterboxHorizontalPosition= -1 topActivityLetterboxWidth=-1 topActivityLetterboxHeight=-1 topActivityAppBounds=Rect(0, 0 - 1280, 2856) isUserFullscreenOverrideEnabled=false isSystemFullscreenOverrideEnabled=false hasMinAspectRatioOverride=false topActivityLetterboxBounds=null topNonResizableActivityAspectRatio=-1.0} topActivityMainWindowFrame=null isAppBubble=false}, pipChange = null, remoteTransitionInfo = null, displayChanges = null, requestedLocation = null, userChange = null, windowingLayerChange = null, fullscreenRequestChange = null, flags = 0, debugId = 47 }
8996:07-08 10:06:36.794 V/WindowManager(  646):         {WCT{RemoteToken{ca740bc Task{23abb0 #712 type=standard A=10230:com.uson.myapplication}}} m=OPEN f=MOVE_TO_TOP|FLAG_CHANGED_INTERACTIVE leash=Surface(name=Task=712#204)/@0xdb5fb90 sb=Rect(0, 0 - 1280, 2856) eb=Rect(0, 0 - 1280, 2856) epz=Point(1280, 2856) d=0 taskParent=-1 winMode=1 userId=0},
9057:07-08 10:06:36.988 I/NullBinder( 1219): NullBinder for android.net.action.RECOMMEND_NETWORKS triggering remote TransactionTooLargeException due to Service without Chimera impl, calling uid: 1000, calling pid: 0
9074:07-08 10:06:37.211 D/nativeloader( 6002): Configuring clns-9 for other apk /data/app/~~LaSw-VsFR2NDUxNC9sDDZQ==/com.uson.myapplication-RqQhfuttkMQfmnoFPOJieg==/base.apk. target_sdk_version=36, uses_libraries=, library_path=/data/app/~~LaSw-VsFR2NDUxNC9sDDZQ==/com.uson.myapplication-RqQhfuttkMQfmnoFPOJieg==/lib/arm64:/data/app/~~LaSw-VsFR2NDUxNC9sDDZQ==/com.uson.myapplication-RqQhfuttkMQfmnoFPOJieg==/base.apk!/lib/arm64-v8a, permitted_path=/data:/mnt/expand:/data/user/0/com.uson.myapplication
9079:07-08 10:06:37.216 V/GraphicsEnvironment( 6002): com.uson.myapplication is not listed in per-application setting
9098:07-08 10:06:37.369 D/CoreBackPreview(  646): Window{3bd184 u0 com.uson.myapplication/com.uson.myapplication.MainActivity}: Setting back callback OnBackInvokedCallbackInfo{mCallback=android.window.IOnBackInvokedCallback$Stub$Proxy@ca03a33, mPriority=-1, mIsAnimationCallback=false, mOverrideBehavior=0}
9130:07-08 10:06:37.680 D/WindowManager(  646): setClientSurface Surface(name=VRI-com.uson.myapplication/com.uson.myapplication.MainActivity#213)/@0xedca369 for 3bd184 com.uson.myapplication/com.uson.myapplication.MainActivity
9148:07-08 10:06:37.809 I/ActivityTaskManager(  646): Displayed com.uson.myapplication/.MainActivity for user 0: +1s118ms
9153:07-08 10:06:37.901 I/ImeTracker(  646): com.uson.myapplication:905f1d9f: onRequestHide at ORIGIN_SERVER reason HIDE_UNSPECIFIED_WINDOW fromUser false userId 0 displayId 0
9155:07-08 10:06:37.904 I/ImeTracker( 6002): com.uson.myapplication:905f1d9f: onCancelled at PHASE_CLIENT_ALREADY_HIDDEN
9163:07-08 10:06:37.946 I/GoogleInputMethodService( 4830): GoogleInputMethodService.onStartInput():1459 onStartInput(EditorInfo{EditorInfo{packageName=com.uson.myapplication, inputType=0, inputTypeString=NULL, enableLearning=false, autoCorrection=false, autoComplete=false, imeOptions=0, privateImeOptions=null, actionName=UNSPECIFIED, actionLabel=null, initialSelStart=-1, initialSelEnd=-1, initialCapsMode=0, label=null, fieldId=0, fieldName=null, extras=null, hintText=null, hintLocales=[]}}, false)
9169:07-08 10:06:37.950 W/PackageConfigPersister(  646): App-specific configuration not found for packageName: com.uson.myapplication and userId: 0
9294:07-08 10:06:38.248 W/FCM     ( 6002): java.lang.IllegalStateException: Device token registration failed: HTTP 401
9295:07-08 10:06:38.248 W/FCM     ( 6002): 	at com.uson.myapplication.core.auth.DeviceTokenRepository.registerDeviceToken-gIAlu-s(DeviceTokenRepository.kt:30)
9296:07-08 10:06:38.248 W/FCM     ( 6002): 	at com.uson.myapplication.core.auth.DeviceTokenRepository$registerDeviceToken$1.invokeSuspend(DeviceTokenRepository.kt:15)
9334:07-08 10:06:39.290 E/AuthDebug( 6002): getRecurringPayments failed http=401
9352:07-08 10:06:39.992 I/NullBinder( 1219): NullBinder for android.net.action.RECOMMEND_NETWORKS triggering remote TransactionTooLargeException due to Service without Chimera impl, calling uid: 1000, calling pid: 0
9378:07-08 10:06:42.704 D/ProfileInstaller( 6002): Installing profile for com.uson.myapplication
9424:07-08 10:06:45.273 D/AndroidRuntime( 6070): >>>>>> START com.android.internal.os.RuntimeInit uid 2000 <<<<<<
9425:07-08 10:06:45.276 I/AndroidRuntime( 6070): Using default boot image
9426:07-08 10:06:45.276 I/AndroidRuntime( 6070): Leaving lock profiling enabled
9439:07-08 10:06:45.310 D/AndroidRuntime( 6070): Calling main entry com.android.commands.uiautomator.Launcher
9498:07-08 10:06:45.313 E/FeatureFlagsImplExport( 6070): android.os.flagging.AconfigStorageReadException: ERROR_PACKAGE_NOT_FOUND: package android.xr cannot be found on the device
9604:07-08 10:06:46.006 I/NullBinder( 1219): NullBinder for android.net.action.RECOMMEND_NETWORKS triggering remote TransactionTooLargeException due to Service without Chimera impl, calling uid: 1000, calling pid: 0
9649:07-08 10:06:46.368 D/AndroidRuntime( 6070): Shutting down VM
